../Core/Src/LCD_Display.c:21:6:LCD_init	8	static
../Core/Src/LCD_Display.c:27:6:LCD_begin	16	static
../Core/Src/LCD_Display.c:73:6:LCD_command	24	static
../Core/Src/LCD_Display.c:79:6:LCD_send	24	static
../Core/Src/LCD_Display.c:85:6:LCD_display	8	static
../Core/Src/LCD_Display.c:91:6:LCD_clear	8	static
../Core/Src/LCD_Display.c:97:6:LCD_setReg	32	static
../Core/Src/LCD_Display.c:104:6:LCD_setRGB	16	static
../Core/Src/LCD_Display.c:111:6:LCD_setCursor	24	static
../Core/Src/LCD_Display.c:121:6:LCD_write_char	24	static
../Core/Src/LCD_Display.c:127:6:LCD_send_string	56	static
../Core/Src/LCD_Display.c:143:6:LCD_BlinkLED	8	static
../Core/Src/LCD_Display.c:151:6:LCD_noBlinkLED	8	static
../Core/Src/LCD_Display.c:157:6:LCD_stopBlink	8	static
../Core/Src/LCD_Display.c:163:6:LCD_blink	8	static
../Core/Src/LCD_Display.c:169:6:LCD_noCursor	8	static
../Core/Src/LCD_Display.c:175:6:LCD_cursor	8	static
../Core/Src/LCD_Display.c:180:6:LCD_scrollDisplayLeft	8	static
../Core/Src/LCD_Display.c:185:6:LCD_scrollDisplayRight	8	static
../Core/Src/LCD_Display.c:190:6:LCD_leftToRight	8	static
../Core/Src/LCD_Display.c:196:6:LCD_rightToLeft	8	static
../Core/Src/LCD_Display.c:202:6:LCD_noAutoscroll	8	static
../Core/Src/LCD_Display.c:208:6:LCD_autoscroll	8	static
../Core/Src/LCD_Display.c:214:6:LCD_customSymbol	32	static
../Core/Src/LCD_Display.c:230:6:LCD_home	8	static
../Core/Src/LCD_Display.c:236:6:LCD_setColorWhite	8	static
